Program Version,EnergyPlus, Version 26.1.0-6f2e40d102, YMD=2026.05.12 18:11,
   ** Warning ** CheckEnvironmentSpecifications: SimulationControl specified doing design day simulations, but no design environments specified.
   **   ~~~   ** ...No design environment results produced. For these results, add appropriate SizingPeriod:* objects for your simulation.
   ** Warning ** ManageSizing: For a zone sizing run, there must be at least 1 Sizing:Zone input object. SimulationControl Zone Sizing option ignored.
   ** Warning ** GetHTSurfaceData: Surfaces with interface to Ground found but no "Ground Temperatures" were input.
   **   ~~~   ** Found first in surface=VILLA_FLOOR
   **   ~~~   ** Defaults, constant throughout the year of (18.0) will be used.
   ** Warning ** GetVertices: Floor is upside down! Tilt angle=[0.0], should be near 180, Surface="VILLA_FLOOR", in Zone="VILLA_LIVING".
   **   ~~~   ** Automatic fix is attempted.
   ************* Testing Individual Branch Integrity
   ************* All Branches passed integrity testing
   ************* Testing Individual Supply Air Path Integrity
   ************* All Supply Air Paths passed integrity testing
   ************* Testing Individual Return Air Path Integrity
   ************* All Return Air Paths passed integrity testing
   ************* No node connection errors were found.
   ************* Beginning Simulation
   ************* Simulation Error Summary *************
   ** Warning ** The following Report Variables were requested but not generated -- check.rdd file
   **   ~~~   ** Either the IDF did not contain these elements, the variable name is misspelled,
   **   ~~~   ** or the requested variable is an advanced output which requires Output : Diagnostics, DisplayAdvancedReportVariables;
   ************* Key=Villa_Living, VarName=ZONE IDEAL LOADS SUPPLY AIR TOTAL COOLING ENERGY, Frequency=Hourly
   ************* Key=Villa_Living, VarName=ZONE IDEAL LOADS ZONE TOTAL COOLING ENERGY, Frequency=Hourly
   ************* Key=Villa_Living, VarName=ZONE IDEAL LOADS SUPPLY AIR MASS FLOW RATE, Frequency=Hourly
   ************* EnergyPlus Warmup Error Summary. During Warmup: 0 Warning; 0 Severe Errors.
   ************* EnergyPlus Sizing Error Summary. During Sizing: 1 Warning; 0 Severe Errors.
   ************* EnergyPlus Completed Successfully-- 4 Warning; 0 Severe Errors; Elapsed Time=00hr 00min  3.48sec
